// Jest Snapshot v1, https://goo.gl/fbAQLP

exports[`Header should match snap shot 1`] = `
<div>
  <img
    className="logo-img"
    src="https://i.imgur.com/4kh8sCT.png"
  />
</div>
`;
